[aurora.cms.myleasestar.com/index.html]
[backblue.gif]
[fade.gif]
[index.html]
[aurora.cms.myleasestar.com/CMSPages/RPcssMaster_S0071-Auroradae6.css]
[ajax.googleapis.com/ajax/libs/jquery/1.8.2/jquery.min.js]
[ajax.googleapis.com/ajax/libs/jqueryui/1.9.0/jquery-ui.min.js]
[aurora.cms.myleasestar.com/CMSScripts/Custom/RPWebParts/global.min.js]
[aurora.cms.myleasestar.com/TemplateResources/Global/Icons/font-awesome.min.css]
[aurora.cms.myleasestar.com/TemplateResources/Global/Icons/fontello.css]
[aurora.cms.myleasestar.com/GlobalResources/Bootstrap/css/bootstrap.min.css]
[ajax.googleapis.com/ajax/libs/jquery/2.2.4/jquery.min.js]
[ajax.googleapis.com/ajax/libs/jqueryui/1.12.1/jquery-ui.js]
[aurora.cms.myleasestar.com/GlobalResources/Bootstrap/js/bootstrap.min.js]
[aurora.cms.myleasestar.com/favicon.ico]
[code.jquery.com/jquery-migrate-1.4.1.js]
[aurora.cms.myleasestar.com/CmsPages/components0f5a.css]
[aurora.cms.myleasestar.com/CMSPages/D__CMS_Kentico_CMSScripts_Custom_RPWebParts_fancybox3_jquery.fancybox.css4bbf.css]
[aurora.cms.myleasestar.com/CMSScripts/Custom/RPWebParts/fancybox3/jquery.fancybox.js]
[aurora.cms.myleasestar.com/CMSScripts/Custom/RPWebParts/media-viewer.js]
[aurora.cms.myleasestar.com/CMSScripts/Custom/RPWebParts/jquery.mobile.toucheventsonly.min.js]
[www.google-analytics.com/analytics.js]
[aurora.cms.myleasestar.com/GlobalResources/BrowserIcons/firefoxLogo.png]
[aurora.cms.myleasestar.com/GlobalResources/BrowserIcons/chromeLogo.png]
[aurora.cms.myleasestar.com/GlobalResources/BrowserIcons/safariLogo.png]
[aurora.cms.myleasestar.com/GlobalResources/BrowserIcons/explorerLogo.png]
[aurora.cms.myleasestar.com/GlobalResources/BrowserIcons/edgeLogo.png]
[aurora.cms.myleasestar.com/WebResourceba32.js]
[aurora.cms.myleasestar.com/ScriptResource5669.js]
[aurora.cms.myleasestar.com/ScriptResourcef893.js]
[aurora.cms.myleasestar.com/contact.html]
[aurora.cms.myleasestar.com/Home.html]
[aurora.cms.myleasestar.com/Floor-plans.html]
[aurora.cms.myleasestar.com/Features.html]
[aurora.cms.myleasestar.com/Gallery.html]
[aurora.cms.myleasestar.com/Location.html]
[aurora.cms.myleasestar.com/Contact-2.html]
[aurora.cms.myleasestar.com/neighborhood.html]
[aurora.cms.myleasestar.com/floor-plans-2.html]
[capi.myleasestar.com/v2/dimg-crop/51691121/0x150/51691121.jpg]
[capi.myleasestar.com/v2/dimg-crop/51691079/768x0/51691079.jpg]
[capi.myleasestar.com/v2/dimg-crop/51691046/768x0/51691046.jpg]
[capi.myleasestar.com/v2/dimg-crop/51691093/768x0/51691093.jpg]
[capi.myleasestar.com/v2/dimg-crop/51691080/768x0/51691080.jpg]
[capi.myleasestar.com/v2/dimg-crop/51691094/768x0/51691094.jpg]
[capi.myleasestar.com/v2/dimg-crop/51691103/768x0/51691103.jpg]
[capi.myleasestar.com/v2/dimg-crop/51691082/768x0/51691082.jpg]
[capi.myleasestar.com/v2/dimg-crop/51691085/768x0/51691085.jpg]
[capi.myleasestar.com/v2/dimg-crop/51691083/768x0/51691083.jpg]
[capi.myleasestar.com/v2/dimg-crop/51691116/768x0/51691116.jpg]
[capi.myleasestar.com/v2/dimg-crop/51691111/768x0/51691111.jpg]
[capi.myleasestar.com/v2/dimg-crop/51691079/1920x0/51691079.jpg]
[capi.myleasestar.com/v2/dimg-crop/51691046/1920x0/51691046.jpg]
[capi.myleasestar.com/v2/dimg-crop/51691093/1920x0/51691093.jpg]
[capi.myleasestar.com/v2/dimg-crop/51691080/1920x0/51691080.jpg]
[capi.myleasestar.com/v2/dimg-crop/51691094/1920x0/51691094.jpg]
[capi.myleasestar.com/v2/dimg-crop/51691103/1920x0/51691103.jpg]
[capi.myleasestar.com/v2/dimg-crop/51691082/1920x0/51691082.jpg]
[capi.myleasestar.com/v2/dimg-crop/51691085/1920x0/51691085.jpg]
[capi.myleasestar.com/v2/dimg-crop/51691083/1920x0/51691083.jpg]
[capi.myleasestar.com/v2/dimg-crop/51691116/1920x0/51691116.jpg]
[capi.myleasestar.com/v2/dimg-crop/51691111/1920x0/51691111.jpg]
[capi.myleasestar.com/v2/dimg-crop/51691204/418x357/51691204.jpg]
[capi.myleasestar.com/v2/dimg-crop/51691202/418x357/51691202.jpg]
[aurora.cms.myleasestar.com/amenities.html]
[aurora.cms.myleasestar.com/Thank-You.html]
[aurora.cms.myleasestar.com/templateresources/global/scripts/instafeed.min.js]
[aurora.cms.myleasestar.com/templateresources/global/images/spacer.png]
[capi.myleasestar.com/v2/dimg/51691121/235x125/51691121.jpg]
[capi.myleasestar.com/v2/dimg/37053242/235x125/37053242.jpg]
[aurora.cms.myleasestar.com/site-map.html]
[aurora.cms.myleasestar.com/privacy-policy.html]
[aurora.cms.myleasestar.com/TemplateResources/Global/images/rplogo-white.png]
[aurora.cms.myleasestar.com/index.html]
[ajax.googleapis.com/ajax/libs/jqueryui/1.9.1/themes/ui-lightness/images/ui-bg_highlight-soft_100_eeeeee_1x100.png]
[ajax.googleapis.com/ajax/libs/jqueryui/1.9.1/themes/ui-lightness/images/ui-bg_gloss-wave_35_f6a828_500x100.png]
[ajax.googleapis.com/ajax/libs/jqueryui/1.9.1/themes/ui-lightness/images/ui-bg_glass_100_f6f6f6_1x400.png]
[ajax.googleapis.com/ajax/libs/jqueryui/1.9.1/themes/ui-lightness/images/ui-bg_glass_100_fdf5ce_1x400.png]
[ajax.googleapis.com/ajax/libs/jqueryui/1.9.1/themes/ui-lightness/images/ui-bg_glass_65_ffffff_1x400.png]
[ajax.googleapis.com/ajax/libs/jqueryui/1.9.1/themes/ui-lightness/images/ui-bg_highlight-soft_75_ffe45c_1x100.png]
[ajax.googleapis.com/ajax/libs/jqueryui/1.9.1/themes/ui-lightness/images/ui-bg_diagonals-thick_18_b81900_40x40.png]
[ajax.googleapis.com/ajax/libs/jqueryui/1.9.1/themes/ui-lightness/images/ui-icons_222222_256x240.png]
[ajax.googleapis.com/ajax/libs/jqueryui/1.9.1/themes/ui-lightness/images/ui-icons_ffffff_256x240.png]
[ajax.googleapis.com/ajax/libs/jqueryui/1.9.1/themes/ui-lightness/images/ui-icons_ef8c08_256x240.png]
[ajax.googleapis.com/ajax/libs/jqueryui/1.9.1/themes/ui-lightness/images/ui-icons_228ef1_256x240.png]
[ajax.googleapis.com/ajax/libs/jqueryui/1.9.1/themes/ui-lightness/images/ui-icons_ffd27a_256x240.png]
[ajax.googleapis.com/ajax/libs/jqueryui/1.9.1/themes/ui-lightness/images/ui-bg_diagonals-thick_20_666666_40x40.png]
[ajax.googleapis.com/ajax/libs/jqueryui/1.9.1/themes/ui-lightness/images/ui-bg_flat_10_000000_40x100.png]
[ajax.googleapis.com/ajax/libs/jqueryui/1.9.1/themes/ui-lightness/jquery-ui.css]
[aurora.cms.myleasestar.com/CMSPages/RPcssMaster_S0071-Auroradae6.css]
[aurora.cms.myleasestar.com/CMSScripts/Custom/RPWebParts/global.min.js]
[aurora.cms.myleasestar.com/TemplateResources/Global/Icons/font-awesome.min.css]
[aurora.cms.myleasestar.com/TemplateResources/Global/Icons/fontello2552.eot]
[aurora.cms.myleasestar.com/TemplateResources/Global/Icons/fontello2552.woff]
[aurora.cms.myleasestar.com/TemplateResources/Global/Icons/fontello2552.ttf]
[aurora.cms.myleasestar.com/TemplateResources/Global/Icons/fontello.css]
[aurora.cms.myleasestar.com/GlobalResources/Bootstrap/fonts/glyphicons-halflings-regular.eot]
[aurora.cms.myleasestar.com/GlobalResources/Bootstrap/fonts/glyphicons-halflings-regulard41d.eot]
[aurora.cms.myleasestar.com/GlobalResources/Bootstrap/fonts/glyphicons-halflings-regular.woff]
[aurora.cms.myleasestar.com/GlobalResources/Bootstrap/fonts/glyphicons-halflings-regular.ttf]
[aurora.cms.myleasestar.com/GlobalResources/Bootstrap/css/bootstrap.min.css]
[aurora.cms.myleasestar.com/GlobalResources/Bootstrap/js/bootstrap.min.js]
[aurora.cms.myleasestar.com/CmsPages/components0f5a.css]
[aurora.cms.myleasestar.com/CMSPages/D__CMS_Kentico_CMSScripts_Custom_RPWebParts_fancybox3_jquery.fancybox.css4bbf.css]
[aurora.cms.myleasestar.com/CMSScripts/Custom/RPWebParts/fancybox3/jquery.fancybox.js]
[aurora.cms.myleasestar.com/CMSScripts/Custom/RPWebParts/media-viewer.js]
[aurora.cms.myleasestar.com/CMSScripts/Custom/RPWebParts/jquery.mobile.toucheventsonly.min.js]
[www.googletagmanager.com/gtm5445.html]
[aurora.cms.myleasestar.com/WebResourceba32.js]
[aurora.cms.myleasestar.com/ScriptResource5669.js]
[aurora.cms.myleasestar.com/ScriptResourcef893.js]
[aurora.cms.myleasestar.com/CmsPages/components0ac5.css]
[aurora.cms.myleasestar.com/contact.html]
[aurora.cms.myleasestar.com/Home.html]
[aurora.cms.myleasestar.com/CmsPages/components10ea.css]
[aurora.cms.myleasestar.com/CMSPages/D__CMS_Kentico_App_Themes_Global_RPWebParts_flexslider.cssfc37.css]
[aurora.cms.myleasestar.com/CMSPages/D__CMS_Kentico_RPresourceFiles_Global_css_font-awesome.min.css8e03.css]
[aurora.cms.myleasestar.com/CMSScripts/Custom/RPWebParts/floorplan-2.js]
[aurora.cms.myleasestar.com/CMSScripts/Custom/RPWebParts/floorplan-rmv.js]
[aurora.cms.myleasestar.com/CMSScripts/Custom/RPWebParts/jquery.flexslider-min.js]
[aurora.cms.myleasestar.com/CMSScripts/Custom/RPWebParts/jquery.expander.min.js]
[aurora.cms.myleasestar.com/CMSScripts/Custom/RPWebParts/jquery.ui.touch-punch.min.js]
[aurora.cms.myleasestar.com/CMSPages/D__CMS_Kentico_CMSScripts_Custom_RPWebParts_fancybox_jquery.fancybox.css443a.css]
[aurora.cms.myleasestar.com/CMSPages/D__CMS_Kentico_CMSScripts_Custom_RPWebParts_fancybox_helpers_jquery.fancybox-buttons.cssa6cb.css]
[aurora.cms.myleasestar.com/CMSPages/D__CMS_Kentico_CMSScripts_Custom_RPWebParts_fancybox_helpers_jquery.fancybox-thumbs.cssaa00.css]
[aurora.cms.myleasestar.com/CMSScripts/Custom/RPWebParts/fancybox/jquery.fancybox8cbb.js]
[aurora.cms.myleasestar.com/CMSScripts/Custom/RPWebParts/fancybox/helpers/jquery.fancybox-thumbs.js]
[aurora.cms.myleasestar.com/CMSScripts/Custom/RPWebParts/fancybox/helpers/jquery.fancybox-buttons.js]
[capi.myleasestar.com/v2/dimg-crop/51691012/0x697/51691012.jpg]
[capi.myleasestar.com/v2/dimg-crop/51691012/406x308/51691012.jpg]
[capi.myleasestar.com/v2/dimg-crop/51691013/0x697/51691013.jpg]
[capi.myleasestar.com/v2/dimg-crop/51691013/406x308/51691013.jpg]
[capi.myleasestar.com/v2/dimg-crop/51691011/0x697/51691011.jpg]
[capi.myleasestar.com/v2/dimg-crop/51691011/406x308/51691011.jpg]
[capi.myleasestar.com/v2/dimg-crop/51691018/0x697/51691018.jpg]
[capi.myleasestar.com/v2/dimg-crop/51691018/406x308/51691018.jpg]
[capi.myleasestar.com/v2/dimg-crop/51691019/0x697/51691019.jpg]
[capi.myleasestar.com/v2/dimg-crop/51691019/406x308/51691019.jpg]
[capi.myleasestar.com/v2/dimg-crop/51691017/0x697/51691017.jpg]
[capi.myleasestar.com/v2/dimg-crop/51691017/406x308/51691017.jpg]
[capi.myleasestar.com/v2/dimg-crop/51691024/0x697/51691024.jpg]
[capi.myleasestar.com/v2/dimg-crop/51691024/406x308/51691024.jpg]
[capi.myleasestar.com/v2/dimg-crop/51691025/0x697/51691025.jpg]
[capi.myleasestar.com/v2/dimg-crop/51691025/406x308/51691025.jpg]
[capi.myleasestar.com/v2/dimg-crop/51691023/0x697/51691023.jpg]
[capi.myleasestar.com/v2/dimg-crop/51691023/406x308/51691023.jpg]
[aurora.cms.myleasestar.com/App_Themes/Global/RPWebParts/images/leasestar_logo.png]
[aurora.cms.myleasestar.com/App_Themes/Global/RPWebParts/images/spacer.png]
[aurora.cms.myleasestar.com/Floor-plans.html]
[aurora.cms.myleasestar.com/RPresourceFiles/misc/jquery.easing.1.3.js]
[aurora.cms.myleasestar.com/RPresourceFiles/misc/jquery.mousewheel.min.js]
[aurora.cms.myleasestar.com/CmsPages/components6e4c.css]
[capi.myleasestar.com/v2/dimg-crop/51691080/1200x801/516910804713.jpg]
[aurora.cms.myleasestar.com/Features.html]
[aurora.cms.myleasestar.com/CmsPages/componentsd090.css]
[aurora.cms.myleasestar.com/CMSScripts/Custom/RPWebParts/masonry/masonry.pkgd.min.js]
[scontent.cdninstagram.com/vp/64150c8f6bc1c8a8eb9bad3ec8103212/5B4140C0/t51.2885-15/s640x640/sh0.08/e35/21147507_166723043877627_6281227213262028800_n.jpg]
[scontent.cdninstagram.com/vp/84d257baf2d17c0fadd154d291a3a77c/5B46ADDA/t51.2885-15/s640x640/sh0.08/e35/21107492_1921266578193773_2795573631483117568_n.jpg]
[scontent.cdninstagram.com/vp/2dbed2eb5b08b2eeca67a3f0d5a6f1aa/5B2B3582/t51.2885-15/s640x640/sh0.08/e35/21147676_203707146833173_5091635295061803008_n.jpg]
[scontent.cdninstagram.com/vp/af2f7f34a8f92e5e1215ed054b345985/5B40766D/t51.2885-15/s640x640/sh0.08/e35/21107299_113256222696620_996099763159957504_n.jpg]
[scontent.cdninstagram.com/vp/5cbb5d471b6f297f3020db0d320db482/5B3B4DE0/t51.2885-15/s640x640/sh0.08/e35/21149389_1868456456805919_7849330553399541760_n.jpg]
[scontent.cdninstagram.com/vp/22007bfb27f4a89730a98c6396b6d134/5B2DDFD8/t51.2885-15/s640x640/sh0.08/e35/21149288_1560908397301939_5738347955547537408_n.jpg]
[scontent.cdninstagram.com/vp/dcfd680ee47305086b8fde1cbd6da272/5B3D2207/t51.2885-15/s640x640/sh0.08/e35/21107628_1966580853589175_1350447492931518464_n.jpg]
[scontent.cdninstagram.com/vp/449d13e7b82ec55ebcda11f510208786/5B3C61E4/t51.2885-15/s640x640/sh0.08/e35/21149082_715418915320406_7921262438039683072_n.jpg]
[capi.myleasestar.com/v2/dimg/51691080/1920x1080/51691080.jpg]
[capi.myleasestar.com/v2/dimg/51691079/1920x1080/51691079.jpg]
[capi.myleasestar.com/v2/dimg/51691078/1920x1080/51691078.jpg]
[capi.myleasestar.com/v2/dimg/51691047/1920x1080/51691047.jpg]
[capi.myleasestar.com/v2/dimg/51691046/1920x1080/51691046.jpg]
[capi.myleasestar.com/v2/dimg-crop/51691080/0x640/51691080.jpg]
[capi.myleasestar.com/v2/dimg-crop/51691079/0x360/51691079.jpg]
[capi.myleasestar.com/v2/dimg-crop/51691078/0x360/51691078.jpg]
[capi.myleasestar.com/v2/dimg-crop/51691047/0x360/51691047.jpg]
[capi.myleasestar.com/v2/dimg-crop/51691046/0x360/51691046.jpg]
[aurora.cms.myleasestar.com/Gallery.html]
[aurora.cms.myleasestar.com/RPresourceFiles/Global-Resource/Images/grad-std-pck.png]
[aurora.cms.myleasestar.com/RPresourceFiles/Global-Resource/Images/general-button.png]
[aurora.cms.myleasestar.com/CmsPages/components9207.css]
[aurora.cms.myleasestar.com/Location.html]
[aurora.cms.myleasestar.com/Contact-2.html]
[aurora.cms.myleasestar.com/neighborhood.html]
[aurora.cms.myleasestar.com/floor-plans-2.html]
[aurora.cms.myleasestar.com/amenities.html]
[aurora.cms.myleasestar.com/CmsPages/components148b.css]
[aurora.cms.myleasestar.com/Thank-You.html]
[aurora.cms.myleasestar.com/templateresources/global/scripts/instafeed.min.js]
[aurora.cms.myleasestar.com/site-map.html]
[aurora.cms.myleasestar.com/privacy-policy.html]
[aurora.cms.myleasestar.com/TemplateResources/Global/Icons/fontello2552.html]
[aurora.cms.myleasestar.com/TemplateResources/Global/Icons/fontello2552.svg]
[aurora.cms.myleasestar.com/GlobalResources/Bootstrap/fonts/glyphicons-halflings-regular.html]
[aurora.cms.myleasestar.com/GlobalResources/Bootstrap/fonts/glyphicons-halflings-regular.svg]
[aurora.cms.myleasestar.com/Popover requires tooltip.html]
[aurora.cms.myleasestar.com/POST.html]
[aurora.cms.myleasestar.com/Firefox/index.html]
[aurora.cms.myleasestar.com/AppleWebKit/index.html]
[aurora.cms.myleasestar.com/Opera/index.html]
[aurora.cms.myleasestar.com/MicrosoftAjaxWebForms.html]
[aurora.cms.myleasestar.com/MicrosoftAjaxSerialization.html]
[aurora.cms.myleasestar.com/MicrosoftAjaxNetwork.html]
[aurora.cms.myleasestar.com/CmsPages/components0ac5.css]
[aurora.cms.myleasestar.com/CmsPages/components10ea.css]
[aurora.cms.myleasestar.com/App_Themes/Global/images/sprite_corporate_search.png]
[aurora.cms.myleasestar.com/CMSPages/D__CMS_Kentico_App_Themes_Global_RPWebParts_flexslider.cssfc37.css]
[aurora.cms.myleasestar.com/RPresourceFiles/Global/fonts/fontawesome-webfont78ce.eot]
[aurora.cms.myleasestar.com/RPresourceFiles/Global/fonts/fontawesome-webfontd41d.eot]
[aurora.cms.myleasestar.com/RPresourceFiles/Global/fonts/fontawesome-webfont78ce.woff]
[aurora.cms.myleasestar.com/RPresourceFiles/Global/fonts/fontawesome-webfont78ce.ttf]
[aurora.cms.myleasestar.com/CMSPages/D__CMS_Kentico_RPresourceFiles_Global_css_font-awesome.min.css8e03.css]
[aurora.cms.myleasestar.com/CMSScripts/Custom/RPWebParts/floorplan-2.js]
[aurora.cms.myleasestar.com/CMSScripts/Custom/RPWebParts/floorplan-rmv.js]
[aurora.cms.myleasestar.com/CMSScripts/Custom/RPWebParts/jquery.flexslider-min.js]
[aurora.cms.myleasestar.com/CMSScripts/Custom/RPWebParts/jquery.expander.min.js]
[aurora.cms.myleasestar.com/CMSScripts/Custom/RPWebParts/jquery.ui.touch-punch.min.js]
[aurora.cms.myleasestar.com/CMSPages/D__CMS_Kentico_CMSScripts_Custom_RPWebParts_fancybox_jquery.fancybox.css443a.css]
[aurora.cms.myleasestar.com/CMSScripts/Custom/RPWebParts/fancybox/helpers/fancybox_buttons.png]
[aurora.cms.myleasestar.com/CMSPages/D__CMS_Kentico_CMSScripts_Custom_RPWebParts_fancybox_helpers_jquery.fancybox-buttons.cssa6cb.css]
[aurora.cms.myleasestar.com/CMSPages/D__CMS_Kentico_CMSScripts_Custom_RPWebParts_fancybox_helpers_jquery.fancybox-thumbs.cssaa00.css]
[aurora.cms.myleasestar.com/CMSScripts/Custom/RPWebParts/fancybox/jquery.fancybox8cbb.js]
[aurora.cms.myleasestar.com/CMSScripts/Custom/RPWebParts/fancybox/helpers/jquery.fancybox-thumbs.js]
[aurora.cms.myleasestar.com/CMSScripts/Custom/RPWebParts/fancybox/helpers/jquery.fancybox-buttons.js]
[aurora.cms.myleasestar.com/RPresourceFiles/misc/jquery.easing.1.3.js]
[aurora.cms.myleasestar.com/RPresourceFiles/misc/jquery.mousewheel.min.js]
[aurora.cms.myleasestar.com/CmsPages/components6e4c.css]
[aurora.cms.myleasestar.com/CmsPages/componentsd090.css]
[aurora.cms.myleasestar.com/CMSScripts/Custom/RPWebParts/masonry/masonry.pkgd.min.js]
[aurora.cms.myleasestar.com/go_button.html]
[aurora.cms.myleasestar.com/App_Themes/BaseCss/images/OrangePin.html]
[aurora.cms.myleasestar.com/App_Themes/BaseCss/images/bluePin.html]
[aurora.cms.myleasestar.com/CmsPages/components9207.css]
[aurora.cms.myleasestar.com/CmsPages/components148b.css]
[aurora.cms.myleasestar.com/RPresourceFiles/Global/fonts/fontawesome-webfont78ce.svg]
